(TranslationUnit
    (SymbolTable
        1
        {
            min_02:
                (Program
                    (SymbolTable
                        2
                        {
                            y:
                                (Variable
                                    2
                                    y
                                    []
                                    Local
                                    ()
                                    ()
                                    Default
                                    (Integer 8)
                                    ()
                                    Source
                                    Public
                                    Required
                                    .false.
                                ),
                            z:
                                (Variable
                                    2
                                    z
                                    []
                                    Local
                                    ()
                                    ()
                                    Default
                                    (Integer 4)
                                    ()
                                    Source
                                    Public
                                    Required
                                    .false.
                                )
                        })
                    min_02
                    []
                    [(Print
                        (StringFormat
                            ()
                            [(IntrinsicElementalFunction
                                Min
                                [(Cast
                                    (Var 2 y)
                                    IntegerToInteger
                                    (Integer 8)
                                    ()
                                )
                                (Cast
                                    (Var 2 z)
                                    IntegerToInteger
                                    (Integer 8)
                                    ()
                                )]
                                0
                                (Integer 8)
                                ()
                            )]
                            FormatFortran
                            (String -1 0 () PointerString)
                            ()
                        )
                    )
                    (Print
                        (StringFormat
                            ()
                            [(StringConstant
                                "kind of min(y,z):"
                                (String 1 17 () PointerString)
                            )
                            (TypeInquiry
                                Kind
                                (Integer 8)
                                (IntrinsicElementalFunction
                                    Min
                                    [(Cast
                                        (Var 2 y)
                                        IntegerToInteger
                                        (Integer 8)
                                        ()
                                    )
                                    (Cast
                                        (Var 2 z)
                                        IntegerToInteger
                                        (Integer 8)
                                        ()
                                    )]
                                    0
                                    (Integer 8)
                                    ()
                                )
                                (Integer 4)
                                (IntegerConstant 8 (Integer 4) Decimal)
                            )]
                            FormatFortran
                            (String -1 0 () PointerString)
                            ()
                        )
                    )
                    (If
                        (IntegerCompare
                            (TypeInquiry
                                Kind
                                (Integer 8)
                                (IntrinsicElementalFunction
                                    Min
                                    [(Cast
                                        (Var 2 y)
                                        IntegerToInteger
                                        (Integer 8)
                                        ()
                                    )
                                    (Cast
                                        (Var 2 z)
                                        IntegerToInteger
                                        (Integer 8)
                                        ()
                                    )]
                                    0
                                    (Integer 8)
                                    ()
                                )
                                (Integer 4)
                                (IntegerConstant 8 (Integer 4) Decimal)
                            )
                            NotEq
                            (IntegerConstant 8 (Integer 4) Decimal)
                            (Logical 4)
                            (LogicalConstant
                                .false.
                                (Logical 4)
                            )
                        )
                        [(ErrorStop
                            (StringConstant
                                "Incorrect kind for min"
                                (String 1 22 () PointerString)
                            )
                        )]
                        []
                    )]
                )
        })
    []
)
