warning: Different kinds of args in max0 is a non-standard extension
 --> tests/../integration_tests/max_02.f90:4:14
  |
4 |     print *, max(y, z)
  |              ^^^^^^^^^ help: ensure all arguments have the same kind to make it standard

warning: Different kinds of args in max0 is a non-standard extension
 --> tests/../integration_tests/max_02.f90:5:41
  |
5 |     print *, "Kind of max(y, z):", kind(max(y,z))
  |                                         ^^^^^^^^ help: ensure all arguments have the same kind to make it standard

warning: Different kinds of args in max0 is a non-standard extension
 --> tests/../integration_tests/max_02.f90:6:14
  |
6 |     if (kind(max(y,z)) /= 8) error stop "Incorrect kind of max"
  |              ^^^^^^^^ help: ensure all arguments have the same kind to make it standard
